% override test
abort: case-collision danger
adding Bar
adding aux
A BAR
A Bar
A aux
A bar
A com1
